<!-- The <legacy-digest-details-sk> custom element declaration.

  Displays the details about a digest.

  Attributes:
    mode: determines behavior of this element. Supported values:
      * list: Element is part of a list view. It only considers the contents
              of the 'details' field and expects closes digests to be part of
              the 'diff' field within 'details'.
      * detail: Element is part of a detail view about an individual digest.
              Only the contents of 'details' is considered, but different
              UI elements are exposed.
      * diff: Element is used to show diff of two digests.
              'details' attribute contains information about the left digest.
              'right' attribute contains information around right digest
              and 'diff' contains diff information. Any 'diff' field within
              'details' is ignored.

    details - An serialization of a search.Digest.
    right - A serialization of search.Digest.
    diff - A serialization of diff.
    commits - A list of commits that 'details' refers to.
    embedded - Boolean flag that indicates that this is embedded as an
               auxiliary view and some field like title should be omitted.

  Events:
    triage - A triage event is generated when the triage button is pressed. The e.detail
       of the event looks like:

       {
         digest: ["ba636123..."],
         status: "positive",
         test: "blurs"
       }

    zoom-clicked - This event is triggered when the user clicks on the 'zoom'
      button. The 'detail' in the event is the legacy-digest-details-sk object.

    clear - Clears the current digest shown.

  Methods:
    triggerTriage(status) - Set the triage status of the digest, triggering the triage event.

    getZoomDetail: Return the information used by the multi-zoom-sk element to show a zoomed
                   view of the images related to this digest.

    statusClosest: Returns the status of the closest digest as a string or null if there is
                   no closest digest.
-->

<link rel="import" href="bower_components/iron-flex-layout/iron-flex-layout-classes.html">
<link rel="import" href="bower_components/paper-button/paper-button.html">

<link rel="import" href="../common/imp/paramset.html">
<link rel="import" href="../common/imp/triage-sk.html">

<link rel="import" href="blame-sk.html">
<link rel="import" href="dots-sk.html">
<link rel="import" href="dot-legend-sk.html">
<link rel="import" href="commits-dialog-sk.html">
<link rel="import" href="shared-styles.html">

<dom-module id="legacy-digest-details-sk">
  <template>
    <style include="iron-flex iron-flex-alignment shared-styles">
      circle.status0 {
        fill:   #000000;
        stroke: #000000;
      }

      dot-legend-sk {
        margin-left: 5em;
        margin-bottom: 2em;
      }

      dots-sk {
        display: block;
      }

      .more {
        margin-left: 3em;
      }

      .preview {
        margin: 5px;
        border: solid 2px lightgray;
        display: block;
        width: 132px;
        height: 132px;
      }

      .preview img {
        display: block;
        max-width: 128px;
        max-height: 128px;
        width: auto;
        height: auto;

      }

      .hidden * {
        display: none;
      }

      .triageInfo,
      .triageInfo div {
        padding: 0.5em;
      }
      .untriagedImage svg {
        margin: auto;
      }

      .digestDetailImages {
        margin-right: 1.5em;
      }

      #warning {
        font-weight: bold;
        width: 5em;
        padding: 1em;
        color: #E7298A;
      }

      #paramsets {
        max-width: 40em;
        padding-left: 1em;
        padding-right: 1em;
      }

      .noCompare {
        padding-right: 1em;
      }

      .dotInfo {
        display: block;
        border: 1px solid #eeeeee;
        margin-top: 1em;
        margin-bottom: 1em;
        margin-left: 1em;
        padding: 1em;
      }

      .leftCol {
        margin-right: 3em;
      }

      .testHeader {
        font-size: 16px;
        font-weight: bold;
        margin-left: 0.5em;
        margin-bottom: 0.5em;
        white-space: nowrap;
      }
    </style>
    <div class="horizontal layout wrap" hidden$="[[_noData(details)]]">
      <div class="vertical layout leftCol">
        <div class="horizontal layout">
          <div class="flex self-start testHeader" hidden$="[[embedded]]">Test: [[details.test]]</div>

          <!-- Links to Grid and Cluster. -->
          <div id="links" hidden$="[[embedded]]">
            <span><a href$="[[_cmpUrl(details.test)]]"><iron-icon icon="apps"></iron-icon></a></span>
            <span><a href$="[[_clusterUrl(details.test)]]"><iron-icon icon="radio-button-unchecked"></iron-icon></a></span>
          </div>

        </div>
        <div class="horizontal layout">
          <div class="flex self-start testHeader">Left: [[details.digest]]</div>
          <div class="flex self-start testHeader" hidden$="[[!_hasRight(_right)]]">Right: [[_right.digest]]</div>
        </div>
        <div class="horizontal layout">
          <div class="vertical layout" id="warning" hidden$="[[!_negIsClosest]]">
            Closest Image Is Negative!
          </div>

          <!-- Triage Controls -->
          <div class="vertical layout triageInfo">
            <div hidden$="[[!_hasRight(_right)]]">
              <div>
                <a href$="[[_diffPageUrl(details, _right)]]">Diff Details</a>
              </div>
              <div>
                Diff: <span>[[_fixedPercent(_diff.diff)]]</span>%
              </div>
              <div>Max RGBA: [<span>[[_diff.maxRGBA]]</span>]</div>
            </div>
            <triage-sk value="[[details.status]]"
                       id="triageControls"
                       data-digest$="[[details.digest]]"
                       data-test$="[[details.test]]">
            </triage-sk>
          </div>

          <!-- Images -->
          <div class="vertical layout">
            <div class="horizontal layout digestDetailImages">
              <div class="vertical layout untriagedImage">
                <div class="horizontal layout">
                  <div class="preview">
                    <img src$="[[_digestHref(details.digest)]]">
                  </div>
                  <div class="vertical layout justified">
                    <a target="_blank" href$="[[_digestHref(details.digest)]]" rel="noopener">
                      <iron-icon icon="open-in-new"></iron-icon>
                    </a>
                  </div>
                </div>
                <div>
                  <span hidden$="[[_hideDotsBlame(details)]]">
                    <svg width="10" height="10" viewBox="-1 -1 2 2">
                      <circle cx="0" cy="0" r="0.3" class="status0"></circle>
                    </svg>
                  </span>
                  <a href$="[[_detailHref(details.digest)]]" target="_blank">
                    [[_leftParamTitle]]
                  </a>
                </div>
              </div>

              <div class="horizontal layout center" hidden$="[[_hideNegPosFound(_right)]]">
                <div class="noCompare">
                  <strong>No Positive or Negative Digests Found.</strong>
                </div>
              </div>

              <div class="horizontal layout" hidden$="[[!_hasRight(_right)]]">
                <!-- diff image -->
                <div class="preview">
                  <img src$="[[_diffImgHref]]">
                </div>
                <a href$="[[_diffImgHref]]" target="_blank" >
                  <iron-icon icon="open-in-new"></iron-icon>
                </a>

                <!-- closest image -->
                <div class="vertical layout center untriagedImage">
                  <div class="horizontal layout">
                    <div class="preview">
                      <img src$="[[_digestHref(_right.digest)]]">
                    </div>
                    <a href$="[[_digestHref(_right.digest)]]" target="_blank">
                      <iron-icon icon="open-in-new"></iron-icon>
                    </a>
                  </div>
                  <a href$="[[_detailHref(_right.digest)]]" target="_blank">
                    [[_rightParamTitle]]
                  </a>
                </div>
              </div>
            </div>
            <paper-button id="zoomButton" raised>Zoom</paper-button>
          </div>
        </div>

        <!-- dots, dot-legend and blame -->
        <div class="vertical layout dotInfo" hidden$="[[_hideDotsBlame(details)]]">
          <dots-sk id="dots"></dots-sk>
          <dot-legend-sk id="dotlegend"
                         test="[[details.test]]"
                         digests=[[details.traces.digests]]>
          </dot-legend-sk>
         <blame-sk id="blame"
                   commits="[[commits]]"
                   value="[[details.diff.blame]]">
          </blame-sk>
        </div>
      </div>

      <!-- ParamSet -->
      <div class="vertical layout" id="paramset">
        <paramset-sk id="paramsets"></paramset-sk>
      </div>

      <commits-dialog-sk></commits-dialog-sk>
    </div>
  </template>
  <script>
    Polymer({
      is: 'legacy-digest-details-sk',

      properties: {
        mode: {
          type: String,
          value: "list",
        },

        details: {
          type: Object,
          value: function() { return {}; },
        },

        right: {
          type: Object,
          value: null
        },

        diff: {
          type: Object,
          value: null
        },

        commits: {
          type: Array,
          value: function() { return []; },
        },

        embedded: {
          type: Boolean,
          value: false
        },

        _negIsClosest: {
          type: Boolean,
          value: false
        },

        _right: {
          type: Object,
          value: null
        },

        _diff: {
          type: Object,
          value: null
        }
      },

      observers: [
        '_changedInput(details, commits, right, diff)'
      ],

      ready: function () {
        this.listen(this.$.zoomButton, 'click', '_zoomHandler');
        this.listen(this.$.dots, 'hover', '_hoverHandler');
        this.listen(this.$.dots, 'mouseleave', '_mouseLeaveHandler');
        this.listen(this.$.triageControls, 'change', '_triageChangeHandler');
        this.listen(this.$.blame, 'hover-blame', '_blameHoverHandler');
      },

      triggerTriage: function (status) {
        this.set('$.triageControls.value', status);
        var detail = gold.makeTriageQuery(this.$.triageControls.dataset.test,
                                          this.$.triageControls.dataset.digest,
                                          status);
        this.fire('triage', detail);
      },

      getZoomDetail: function() {
        return {
          leftImgUrl: this._digestHref(this.details.digest),
          rightImgUrl: this._digestHref(sk.robust_get(this._right, ['digest'])),
          middleImgUrl: this._diffImgHref,
          llabel: this._leftParamTitle,
          rlabel: this._rightParamTitle
        };
      },

      clear: function() {
        this.set('details', {});
        this.set('right', null);
        this.set('diff', null);
      },

      _triageChangeHandler: function(e) {
        // Convert the change event from the triage button into a more detailed triage event.
        var detail = gold.makeTriageQuery(this.details.test,
                                          this.details.digest,
                                          this.details.status);
        this.fire('triage', detail);
      },

      _zoomHandler: function() {
        this.fire('zoom-clicked', this.getZoomDetail());
      },

      _hoverHandler: function(e) {
          var id = e.detail;
          var params = {};
          var traces = this.details.traces.traces;

          // Find the matching trace in details.traces.
          for (var i=0, len = traces.length; i < len; i++) {
            if (traces[i].label == id) {
              params = traces[i].params;
              break;
            }
          }
          this.$.paramsets.setHighlight(params);
      },

      _blameHoverHandler: function(ev) {
        this.$.dots.highlight(ev.detail.index, ev.detail.b);
      },

      _mouseLeaveHandler: function() {
        this.$.paramsets.clearHighlight();
      },

      _changedInput: function(details, commits, right, diff) {
        // Check if we have the most basic data.
        if (!this.details || !this.details.digest) {
          return;
        }

        // Set the data according to the mode.
        switch(this.mode) {
          case 'list':
            this._setRightFromDetails(false);
            break;
          case 'detail':
            this._setRightFromDetails(true);
            break;
          case 'diff':
            this._right = this.right;
            this._diff = this.diff;
            this._rightParamTitle = this._abbrev(this._right.digest);
            break;
          default:
            console.log("Unknow mode set for digest-detail-sk element.");
            return
        }

        this._setProperties();
      },

      _setRightFromDetails: function(detailsView) {
        var status = "";
        var foundDiff = null;

        this._right = null;
        this._negIsClosest = false;
        this._diff = null;
        this._rightParamTitle = '';
        if (!detailsView) {
          var pos = this.details.diff.pos;
          var neg = this.details.diff.neg;
          if (pos && neg) {
            if (neg.closest.diff < pos.closest.diff) {
              foundDiff = neg;
              status = gold.NEGATIVE;
            } else {
              foundDiff = pos;
              status = gold.POSITIVE;
            }
          } else if (pos) {
            foundDiff = pos;
            status = gold.POSITIVE;
          } else if (neg) {
            foundDiff = neg;
            status = gold.NEGATIVE;
          }

          if (foundDiff) {
            this._negIsClosest = (status === gold.NEGATIVE);
            this._right = this._digestFromDiff(this.details.test, foundDiff, status);
            this._diff = foundDiff.closest;
            this._rightParamTitle = 'Closest ' + this._statusStr(this._negIsClosest);
          }
        }

        // Set the blame, dots, dotlegend
        this.$.dots.setCommits(this.commits);
        this.$.dots.setValue(this.details.traces);
      },

      statusClosest: function() {
        return (this._right) ? ((this._negIsClosest) ? gold.NEGATIVE : gold.POSITIVE) : null;
      },

      _digestFromDiff: function(test, diff, status) {
        return {
          test: test,
          digest: diff.closest.digest,
          status: status,
          paramset: diff.paramset
        };
      },

      _setProperties: function() {
        this._leftParamTitle = this._abbrev(this.details.digest);
        var paramSets = [];
        var paramTitles = [];

        // TODO(stephana): Remove this check once we have figured out why
        // this.details.paramset is null or undefined.
        if (this.details.paramset) {
          paramSets.push(this.details.paramset);
          paramTitles.push(this._leftParamTitle);
        } else {
          console.log("Error: this.details.paramset is undefined or null.");
        }

        if (this._right) {
          this.set('_diffImgHref', gold.diffImgHref(this._right.digest, this.details.digest));

          // TODO(stephana): Fix this on the backend to make sure we never get an empty
          // set of parameters. Currently it can occur on occasion.
          if (this._right.paramset) {
            paramSets.push(this._right.paramset);
            paramTitles.push(this._rightParamTitle);
          }
        }
        if (this._diff) {
          this.set('_diff', this._diff);
        }
        this.$.paramsets.setParamSets(paramSets, paramTitles);
      },

      _abbrev: function(str) {
        if (str.length <= 12) {
          return str;
        }
        return str.substr(0, 12) + '...';
      },

      _noData: function(details) {
        return !(details && details.test && details.digest);
      },

      _concatOrdered: function(d1, d2) {
      },

      _hasRight: function(right) {
        return (right && right.digest !== '');
      },

      _digestHref: gold.imgHref,

      _fixedPercent: function (i) {
        return (typeof(i) === 'number') ? i.toFixed(2) : '';
      },

      _diffPageUrl: function (left, right) {
        if (!left || !right) {
          return "";
        }

        return '/diff' + gold.diffQuery(left.test, left.digest, right.digest);
      },

      _detailHref: function (digest) {
        if (!digest) {
          return '';
        }

        return '/detail' + gold.detailQuery(this.details.test, digest);
      },

      _hideNegPosFound: function(closest) {
        return closest || (this.mode !== 'list');
      },

      _statusStr: function(_negIsClosest) {
        return _negIsClosest ? 'Negative' : 'Positive';
      },

      _noPosNeg: function (closest) {
        return !closest || !closest.closest || (closest.closest.digest != '');
      },

      _cmpUrl: function (test) {
        if (!test) {
          return '';
        }

        // See gold.defaultSearchState why we need to embed an encoded query
        // before encoding the search string.
        return 'cmp?' + sk.query.fromObject({query: this._getRefQuery(test)});
      },

      _hideListFeatures: function(mode) {
        return mode != 'list';
      },

      _hideDotsBlame: function(details) {
        return (!details || !details.traces || !details.traces.traces);
      },

      _clusterUrl: function (test) {
        if (!test) {
          return '';
        }

        var q = {
          query: this._getRefQuery(test),
          head: true,
          pos: true,
          neg: true,
          unt: true,
          limit: 200
        };

        return 'cluster?' + sk.query.fromObject(q);
      },

      _getRefQuery: function(test) {
        var qObj = {name: [test]};
        var corpus = this.details && this.details.paramset['source_type'];
        if (corpus) {
          qObj['source_type'] = corpus;
        }
        return sk.query.fromParamSet(qObj);
      }
    });
  </script>
</dom-module>
