<!DOCTYPE html>
<html>
<head>
    <title>ignore-page-sk demo</title>
    <meta charset="utf-8" />
    <meta http-equiv="X-UA-Compatible" content="IE=edge">
    <meta name="viewport" content="width=device-width, initial-scale=1.0">
</head>
<body>
<gold-scaffold-sk testing_offline>
    <ignores-page-sk page_size=10></ignores-page-sk>
</gold-scaffold-sk>
</body>
</html>
