<!DOCTYPE html>
<html>
<head>
  <title>{{.Title}} Images By Test</title>
  <link rel="shortcut icon" href="/dist/favicon.ico">
  <script>
    window.GoldSettings = {
      title: "{{.Title}}",
      defaultCorpus: "{{.DefaultCorpus}}",
    };
  </script>
</head>
<body>
<gold-scaffold-sk>
  <list-page-sk></list-page-sk>
</gold-scaffold-sk>
</body>
</html>
