<!DOCTYPE html>
<html>
<head>
	<title>{{.Title}} ChangeLists</title>
	<link rel="shortcut icon" href="/res/img/favicon.ico">
</head>
<body>
	<gold-scaffold-sk app_title={{.Title}}>
		<changelists-page-sk></changelists-page-sk>
	</gold-scaffold-sk>
</body>
</html>
