<!DOCTYPE html>
<html>
<head>
  <title>{{.Title}} Cluster Page</title>
  <link rel="shortcut icon" href="/res/img/favicon.ico">
  <script>
    window.GoldSettings = {
      title: "{{.Title}}",
      defaultCorpus: "{{.DefaultCorpus}}",
      baseRepoURL: "{{.BaseRepoURL}}",
    };
  </script>
</head>
<body>
<gold-scaffold-sk>
  <cluster-page-sk></cluster-page-sk>
</gold-scaffold-sk>
</body>
</html>
