<!DOCTYPE html>
<html>
<head>
  <title>{{.Title}} Triage Log</title>
  <link rel="shortcut icon" href="/res/img/favicon.ico">
</head>
<body>
<gold-scaffold-sk app_title={{.Title}}>
  <triagelog-page-sk></triagelog-page-sk>
</gold-scaffold-sk>
</body>
</html>
