<!DOCTYPE html>
<html>
<head>
  <title>blamelist-panel-sk</title>
  <meta charset="utf-8" />
  <meta http-equiv="X-UA-Compatible" content="IE=edge">
  <meta name="viewport" content="width=device-width, initial-scale=1.0">
</head>
<body>
  <h1>blamelist-panel-sk with a single commit</h1>
  <div id="single_commit"></div>

  <h1>blamelist-panel-sk with some commits</h1>
  <div id="some_commits"></div>

  <h1>blamelist-panel-sk with many commits (truncated)</h1>
  <div id="many_commits"></div>
</body>
</html>
