<!DOCTYPE html>
<html>
<head>
  <title>byblameentry-sk</title>
  <meta charset="utf-8"/>
  <meta http-equiv="X-UA-Compatible" content="IE=edge">
  <meta name="viewport" content="width=device-width, initial-scale=1.0">
</head>
<body>
<gold-scaffold-sk app_title="Skia Public" testing_offline>
  <!-- byblameentry-sk elements will be inserted here dynamically. -->
</gold-scaffold-sk>
</body>
</html>
