{
  "gitHash": "e1681c90cf6a4c3b6be2bc4b4cea59849c16a438",
  "key": {
    "device_id": "0x1cb3",
    "device_string": "None",
    "model_name": "",
    "msaa": "True",
    "vendor_id": "0x10de",
    "vendor_string": "None"
  },
  "results": [
    {
      "key": {
        "name": "Pixel_CanvasDisplayLinearRGBUnaccelerated2DGPUCompositing",
        "source_type": "chrome-gpu"
      },
      "options": {
        "ext": "png"
      },
      "md5": "690f72c0b56ae014c8ac66e7f25c0779"
    }
  ],
  "issue": "1762193",
  "buildbucket_build_id": "8904604368086838672",
  "patchset": "2",
  "builder": "",
  "task_id": ""
}