{
   "buildbucket_build_id" : "8960860541739306896",
   "builder" : "Test-iOS-Clang-iPhone7-GPU-GT7600-arm64-Debug-All",
   "gitHash" : "b351817588baf94ac725e35f10ee1d5ff8178834",
   "issue" : "81300",
   "key" : {
      "arch" : "arm64",
      "compiler" : "Clang",
      "configuration" : "Debug",
      "cpu_or_gpu" : "GPU",
      "cpu_or_gpu_value" : "GT7600",
      "model" : "iPhone7",
      "os" : "iOS"
   },
   "max_rss_MB" : 502,
   "patch_storage" : "gerrit",
   "patchset" : "9",
   "results" : [
      {
         "key" : {
            "config" : "gles",
            "name" : "yuv_nv12_to_rgb_effect",
            "source_type" : "gm"
         },
         "md5" : "22c1c6105ddad89f579ef7bb6b74306f",
         "options" : {
            "ext" : "png",
            "gamma_correct" : "no"
         }
      },
      {
         "key" : {
            "config" : "gles",
            "name" : "yuv_to_rgb_effect",
            "source_type" : "gm"
         },
         "md5" : "82adab81519981c25b42387f66672a16",
         "options" : {
            "ext" : "png",
            "gamma_correct" : "no"
         }
      },
      {
         "key" : {
            "config" : "glessrgb",
            "name" : "ynev.svg",
            "source_type" : "svg"
         },
         "md5" : "6c0688b72b6aa86e498ff136c81d71ab",
         "options" : {
            "ext" : "png",
            "gamma_correct" : "yes"
         }
      }
   ],
   "swarming_bot_id" : "skia-rpi-103",
   "swarming_task_id" : "3a4a14fd195d2011",
   "test_results" : {
      "failures" : [
         {
            "condition" : "",
            "file_name" : "../../../tests/ProcessorTest.cpp",
            "line_no" : 438,
            "message" : "\"Modulating\" processor ComposeOne made color/alpha value larger. Input: 0xd127ab00, Output: 0xff12ff77, pixel (209, 0). [OpenGLES]"
         },
         {
            "condition" : "",
            "file_name" : "../../../tests/ProcessorTest.cpp",
            "line_no" : 474,
            "message" : "Seed: 0x55a527d4, Processor details: Mode: DstIn, Child: Dst [Radial Gradient Missing data] [OpenGLES]"
         }
      ]
   }
}
