{
  "name": "gold",
  "version": "1.0.0",
  "description": "",
  "devDependencies": {
    "autoprefixer": "~4.0.0",
    "bower": "^1.3.12",
    "cssmin": "~0.4.2",
    "html-minifier": "~3.0.0",
    "native-promise-only": "",
    "uglify-js": "^2.4.15",
    "vulcanize": "~1.10.4"
  },
  "scripts": {
    "test": "echo \"Error: no test specified\" && exit 1"
  }
}
