<!DOCTYPE html>
<html>
<head>
  <title>search-page-sk</title>
  <meta charset="utf-8"/>
  <meta http-equiv="X-UA-Compatible" content="IE=edge">
  <meta name="viewport" content="width=device-width, initial-scale=1.0">
</head>
<body>
<!-- demo page code will insert
<gold-scaffold-sk testing_offline>
  <search-page-sk></search-page-sk>
</gold-scaffold-sk>
here -->
</body>
</html>
