<!DOCTYPE html>
<html>
<head>
  <title>list-page-sk</title>
  <meta charset="utf-8" />
  <meta http-equiv="X-UA-Compatible" content="IE=edge">
  <meta name="viewport" content="width=device-width, initial-scale=1.0">
</head>
<body>
<gold-scaffold-sk testing_offline>
  <!-- demo page code will insert <list-page-sk></list-page-sk> here -->
</gold-scaffold-sk>
</body>
</html>
