indexes:

- kind: TryjobExpChange
  ancestor: no
  properties:
  - name: IssueID
  - name: OK
  - name: TimeStamp
    direction: asc
